
=== arm=finetune N_buf=4 seed=1 device=cpu tiny=False n_train=6 gate=F supervised=True T1=knee/gaussian/4x T2=brain/random/8x ===
The model has 187019 trainable parameters
Train epoch 0: TotalLoss=1.419
Train epoch 1: TotalLoss=0.032
Train epoch 2: TotalLoss=0.006
Train epoch 3: TotalLoss=0.005
Train epoch 4: TotalLoss=0.004
Train epoch 5: TotalLoss=0.003
Train epoch 6: TotalLoss=0.003
Train epoch 7: TotalLoss=0.002
Train epoch 8: TotalLoss=0.002
Train epoch 9: TotalLoss=0.002
Train epoch 10: TotalLoss=0.002
Train epoch 11: TotalLoss=0.002
Train epoch 12: TotalLoss=0.002
Train epoch 13: TotalLoss=0.002
Train epoch 14: TotalLoss=0.002
Train epoch 15: TotalLoss=0.002
Train epoch 16: TotalLoss=0.002
Train epoch 17: TotalLoss=0.002
Train epoch 18: TotalLoss=0.002
Train epoch 19: TotalLoss=0.002
Train epoch 20: TotalLoss=0.002
Train epoch 21: TotalLoss=0.002
Train epoch 22: TotalLoss=0.002
Train epoch 23: TotalLoss=0.002
Train epoch 24: TotalLoss=0.002
Train epoch 25: TotalLoss=0.002
Train epoch 26: TotalLoss=0.002
Train epoch 27: TotalLoss=0.002
Train epoch 28: TotalLoss=0.002
Train epoch 29: TotalLoss=0.002
Train epoch 30: TotalLoss=0.002
Train epoch 31: TotalLoss=0.002
Train epoch 32: TotalLoss=0.002
Train epoch 33: TotalLoss=0.002
Train epoch 34: TotalLoss=0.002
Train epoch 35: TotalLoss=0.002
Train epoch 36: TotalLoss=0.002
Train epoch 37: TotalLoss=0.002
Train epoch 38: TotalLoss=0.002
Train epoch 39: TotalLoss=0.002
Train epoch 40: TotalLoss=0.002
Train epoch 41: TotalLoss=0.002
Train epoch 42: TotalLoss=0.002
Train epoch 43: TotalLoss=0.002
Train epoch 44: TotalLoss=0.002
Train epoch 45: TotalLoss=0.002
Train epoch 46: TotalLoss=0.002
Train epoch 47: TotalLoss=0.002
Train epoch 48: TotalLoss=0.002
Train epoch 49: TotalLoss=0.002
Train epoch 50: TotalLoss=0.002
Train epoch 51: TotalLoss=0.002
Train epoch 52: TotalLoss=0.002
Train epoch 53: TotalLoss=0.002
Train epoch 54: TotalLoss=0.002
Train epoch 55: TotalLoss=0.002
Train epoch 56: TotalLoss=0.002
Train epoch 57: TotalLoss=0.002
Train epoch 58: TotalLoss=0.002
Train epoch 59: TotalLoss=0.002
Train epoch 60: TotalLoss=0.002
Train epoch 61: TotalLoss=0.002
Train epoch 62: TotalLoss=0.002
Train epoch 63: TotalLoss=0.002
Train epoch 64: TotalLoss=0.002
Train epoch 65: TotalLoss=0.002
Train epoch 66: TotalLoss=0.002
Train epoch 67: TotalLoss=0.002
Train epoch 68: TotalLoss=0.002
Train epoch 69: TotalLoss=0.002
Train epoch 70: TotalLoss=0.002
Train epoch 71: TotalLoss=0.002
Train epoch 72: TotalLoss=0.002
Train epoch 73: TotalLoss=0.002
Train epoch 74: TotalLoss=0.002
Train epoch 75: TotalLoss=0.002
Train epoch 76: TotalLoss=0.002
Train epoch 77: TotalLoss=0.002
Train epoch 78: TotalLoss=0.002
Train epoch 79: TotalLoss=0.002
The model has 187019 trainable parameters
Train epoch 0: TotalLoss=0.004
Train epoch 1: TotalLoss=0.002
Train epoch 2: TotalLoss=0.002
Train epoch 3: TotalLoss=0.002
Train epoch 4: TotalLoss=0.001
Train epoch 5: TotalLoss=0.001
Train epoch 6: TotalLoss=0.001
Train epoch 7: TotalLoss=0.001
Train epoch 8: TotalLoss=0.001
Train epoch 9: TotalLoss=0.001
Train epoch 10: TotalLoss=0.001
Train epoch 11: TotalLoss=0.001
Train epoch 12: TotalLoss=0.001
Train epoch 13: TotalLoss=0.001
Train epoch 14: TotalLoss=0.001
Train epoch 15: TotalLoss=0.001
Train epoch 16: TotalLoss=0.001
Train epoch 17: TotalLoss=0.001
Train epoch 18: TotalLoss=0.001
Train epoch 19: TotalLoss=0.001
Train epoch 20: TotalLoss=0.001
Train epoch 21: TotalLoss=0.001
Train epoch 22: TotalLoss=0.001
Train epoch 23: TotalLoss=0.001
Train epoch 24: TotalLoss=0.001
Train epoch 25: TotalLoss=0.001
Train epoch 26: TotalLoss=0.001
Train epoch 27: TotalLoss=0.001
Train epoch 28: TotalLoss=0.001
Train epoch 29: TotalLoss=0.001
Train epoch 30: TotalLoss=0.001
Train epoch 31: TotalLoss=0.001
Train epoch 32: TotalLoss=0.001
Train epoch 33: TotalLoss=0.001
Train epoch 34: TotalLoss=0.001
Train epoch 35: TotalLoss=0.001
Train epoch 36: TotalLoss=0.001
Train epoch 37: TotalLoss=0.001
Train epoch 38: TotalLoss=0.001
Train epoch 39: TotalLoss=0.001
Train epoch 40: TotalLoss=0.001
Train epoch 41: TotalLoss=0.001
Train epoch 42: TotalLoss=0.001
Train epoch 43: TotalLoss=0.001
Train epoch 44: TotalLoss=0.001
Train epoch 45: TotalLoss=0.001
Train epoch 46: TotalLoss=0.001
Train epoch 47: TotalLoss=0.001
Train epoch 48: TotalLoss=0.001
Train epoch 49: TotalLoss=0.001
Train epoch 50: TotalLoss=0.001
Train epoch 51: TotalLoss=0.001
Train epoch 52: TotalLoss=0.001
Train epoch 53: TotalLoss=0.001
Train epoch 54: TotalLoss=0.001
Train epoch 55: TotalLoss=0.001
Train epoch 56: TotalLoss=0.001
Train epoch 57: TotalLoss=0.001
Train epoch 58: TotalLoss=0.001
Train epoch 59: TotalLoss=0.001
Train epoch 60: TotalLoss=0.001
Train epoch 61: TotalLoss=0.001
Train epoch 62: TotalLoss=0.001
Train epoch 63: TotalLoss=0.001
Train epoch 64: TotalLoss=0.001
Train epoch 65: TotalLoss=0.001
Train epoch 66: TotalLoss=0.001
Train epoch 67: TotalLoss=0.001
Train epoch 68: TotalLoss=0.001
Train epoch 69: TotalLoss=0.001
Train epoch 70: TotalLoss=0.001
Train epoch 71: TotalLoss=0.001
Train epoch 72: TotalLoss=0.001
Train epoch 73: TotalLoss=0.001
Train epoch 74: TotalLoss=0.001
Train epoch 75: TotalLoss=0.001
Train epoch 76: TotalLoss=0.001
Train epoch 77: TotalLoss=0.001
Train epoch 78: TotalLoss=0.001
Train epoch 79: TotalLoss=0.001
Train epoch 80: TotalLoss=0.001
Train epoch 81: TotalLoss=0.001
Train epoch 82: TotalLoss=0.001
Train epoch 83: TotalLoss=0.001
Train epoch 84: TotalLoss=0.001
Train epoch 85: TotalLoss=0.001
Train epoch 86: TotalLoss=0.001
Train epoch 87: TotalLoss=0.001
Train epoch 88: TotalLoss=0.001
Train epoch 89: TotalLoss=0.001
Train epoch 90: TotalLoss=0.001
Train epoch 91: TotalLoss=0.001
Train epoch 92: TotalLoss=0.0
Train epoch 93: TotalLoss=0.0
Train epoch 94: TotalLoss=0.0
Train epoch 95: TotalLoss=0.001
Train epoch 96: TotalLoss=0.001
Train epoch 97: TotalLoss=0.001
Train epoch 98: TotalLoss=0.001
Train epoch 99: TotalLoss=0.001
Train epoch 100: TotalLoss=0.001
Train epoch 101: TotalLoss=0.0
Train epoch 102: TotalLoss=0.0
Train epoch 103: TotalLoss=0.0
Train epoch 104: TotalLoss=0.0
Train epoch 105: TotalLoss=0.001
Train epoch 106: TotalLoss=0.001
Train epoch 107: TotalLoss=0.001
Train epoch 108: TotalLoss=0.001
Train epoch 109: TotalLoss=0.0
Train epoch 110: TotalLoss=0.0
Train epoch 111: TotalLoss=0.0
Train epoch 112: TotalLoss=0.0
Train epoch 113: TotalLoss=0.0
Train epoch 114: TotalLoss=0.0
Train epoch 115: TotalLoss=0.001
Train epoch 116: TotalLoss=0.001
Train epoch 117: TotalLoss=0.0
Train epoch 118: TotalLoss=0.0
Train epoch 119: TotalLoss=0.0
Train epoch 120: TotalLoss=0.0
Train epoch 121: TotalLoss=0.0
Train epoch 122: TotalLoss=0.0
Train epoch 123: TotalLoss=0.0
Train epoch 124: TotalLoss=0.0
Train epoch 125: TotalLoss=0.0
Train epoch 126: TotalLoss=0.001
Train epoch 127: TotalLoss=0.001
Train epoch 128: TotalLoss=0.001
Train epoch 129: TotalLoss=0.0
Train epoch 130: TotalLoss=0.0
Train epoch 131: TotalLoss=0.0
Train epoch 132: TotalLoss=0.0
Train epoch 133: TotalLoss=0.0
Train epoch 134: TotalLoss=0.0
Train epoch 135: TotalLoss=0.0
Train epoch 136: TotalLoss=0.0
Train epoch 137: TotalLoss=0.0
Train epoch 138: TotalLoss=0.0
Train epoch 139: TotalLoss=0.0
Train epoch 140: TotalLoss=0.0
Train epoch 141: TotalLoss=0.0
Train epoch 142: TotalLoss=0.001
Train epoch 143: TotalLoss=0.001
Train epoch 144: TotalLoss=0.001
Train epoch 145: TotalLoss=0.001
Train epoch 146: TotalLoss=0.0
Train epoch 147: TotalLoss=0.0
Train epoch 148: TotalLoss=0.0
Train epoch 149: TotalLoss=0.0
Train epoch 150: TotalLoss=0.0
Train epoch 151: TotalLoss=0.0
Train epoch 152: TotalLoss=0.0
Train epoch 153: TotalLoss=0.0
Train epoch 154: TotalLoss=0.0
Train epoch 155: TotalLoss=0.0
Train epoch 156: TotalLoss=0.0
Train epoch 157: TotalLoss=0.0
Train epoch 158: TotalLoss=0.0
Train epoch 159: TotalLoss=0.0
{
  "arm": "Fine-tune",
  "N_buf": 4,
  "seed": 1,
  "PSNR_T1": 22.367568016052246,
  "PSNR_T2": 28.91847515106201,
  "Avg": 25.64302158355713,
  "Fgt": 3.4799585342407227
}
buffer: {
  "N_buf": 4,
  "n_distinct_ya": 4,
  "n_distinct_A": 4,
  "holds_t1_A": true,
  "accels": [
    4,
    4,
    4,
    4
  ],
  "slots": [
    {
      "slot": 0,
      "y_id": "c991212198bf",
      "mask_id": "658b2e826b6a"
    },
    {
      "slot": 1,
      "y_id": "1f3d769d36a0",
      "mask_id": "8810346c1e3e"
    },
    {
      "slot": 2,
      "y_id": "3ed003237198",
      "mask_id": "9cd3dd990f17"
    },
    {
      "slot": 3,
      "y_id": "a3001b0416fb",
      "mask_id": "e2c537b8814c"
    }
  ]
}

Wrote /workspace/experiments/cvpr_stage0_er_ei/recorded_smoke/stage0b_gate_F_supervised/metrics_nbuf4_seed1.csv
Wrote /workspace/experiments/cvpr_stage0_er_ei/recorded_smoke/stage0b_gate_F_supervised/metrics_nbuf4_seed1.json
go/kill: {
  "verdict": "INCONCLUSIVE",
  "reason": "Need ER+EI and ER+MC Fgt at the evaluated N_buf values.",
  "comparisons": [],
  "n_buf_observed": [
    4
  ],
  "grid_complete": false,
  "tiny": false,
  "note": "Go/kill is defined on Fgt after T2 (lower is better). Tiny stubs must not be labeled GO/KILL."
}
forgetting_gate: {
  "verdict": "PASS",
  "Fgt": 3.4799585342407227,
  "min_fgt": 0.2,
  "clearly_positive": true,
  "reason": "Fine-tune Fgt=3.4800 > 0.2 (need a clear T1 PSNR drop after T2)."
}
device=cpu elapsed_sec=133.1
