
=== arm=finetune N_buf=1 seed=1 device=cpu tiny=False n_train=8 gate=- supervised=False cross_ip=True backbone=unet T1=knee/gaussian/4x T2=ct/Tomography/40 ===
Power iteration converged at iteration 9, value=2471.68
/home/ubuntu/.local/lib/python3.12/site-packages/deepinv/transform/rotate.py:47: UserWarning: The default interpolation mode will be changed to bilinear interpolation in the near future. Please specify the interpolation mode explicitly if you plan to keep using nearest interpolation.
  warn(
The model has 2070082 trainable parameters
Train epoch 0: MCLoss=0.044, EILoss=0.097, TotalLoss=0.141
Train epoch 1: MCLoss=0.005, EILoss=0.011, TotalLoss=0.016
Train epoch 2: MCLoss=0.003, EILoss=0.004, TotalLoss=0.006
Train epoch 3: MCLoss=0.001, EILoss=0.002, TotalLoss=0.003
Train epoch 4: MCLoss=0.001, EILoss=0.002, TotalLoss=0.002
Train epoch 5: MCLoss=0.001, EILoss=0.001, TotalLoss=0.002
Train epoch 6: MCLoss=0.0, EILoss=0.001, TotalLoss=0.002
Train epoch 7: MCLoss=0.0, EILoss=0.001, TotalLoss=0.001
Train epoch 8: MCLoss=0.0, EILoss=0.001, TotalLoss=0.001
Train epoch 9: MCLoss=0.0, EILoss=0.001, TotalLoss=0.001
Train epoch 10: MCLoss=0.0, EILoss=0.001, TotalLoss=0.001
Train epoch 11: MCLoss=0.0, EILoss=0.001, TotalLoss=0.001
Train epoch 12: MCLoss=0.0, EILoss=0.001, TotalLoss=0.001
Train epoch 13: MCLoss=0.0, EILoss=0.001, TotalLoss=0.001
Train epoch 14: MCLoss=0.0, EILoss=0.001, TotalLoss=0.001
Train epoch 15: MCLoss=0.0, EILoss=0.001, TotalLoss=0.001
Train epoch 16: MCLoss=0.0, EILoss=0.001, TotalLoss=0.001
Train epoch 17: MCLoss=0.0, EILoss=0.001, TotalLoss=0.001
Train epoch 18: MCLoss=0.0, EILoss=0.001, TotalLoss=0.001
Train epoch 19: MCLoss=0.0, EILoss=0.001, TotalLoss=0.001
Train epoch 20: MCLoss=0.0, EILoss=0.001, TotalLoss=0.001
Train epoch 21: MCLoss=0.0, EILoss=0.001, TotalLoss=0.001
Train epoch 22: MCLoss=0.0, EILoss=0.001, TotalLoss=0.001
Train epoch 23: MCLoss=0.0, EILoss=0.001, TotalLoss=0.001
Train epoch 24: MCLoss=0.0, EILoss=0.001, TotalLoss=0.001
Train epoch 25: MCLoss=0.0, EILoss=0.001, TotalLoss=0.001
Train epoch 26: MCLoss=0.0, EILoss=0.001, TotalLoss=0.001
Train epoch 27: MCLoss=0.0, EILoss=0.001, TotalLoss=0.001
Train epoch 28: MCLoss=0.0, EILoss=0.001, TotalLoss=0.001
Train epoch 29: MCLoss=0.0, EILoss=0.001, TotalLoss=0.001
Train epoch 30: MCLoss=0.0, EILoss=0.001, TotalLoss=0.001
Train epoch 31: MCLoss=0.0, EILoss=0.001, TotalLoss=0.001
Train epoch 32: MCLoss=0.0, EILoss=0.0, TotalLoss=0.001
Train epoch 33: MCLoss=0.0, EILoss=0.001, TotalLoss=0.001
Train epoch 34: MCLoss=0.0, EILoss=0.0, TotalLoss=0.001
Train epoch 35: MCLoss=0.0, EILoss=0.0, TotalLoss=0.001
Train epoch 36: MCLoss=0.0, EILoss=0.0, TotalLoss=0.001
Train epoch 37: MCLoss=0.0, EILoss=0.0, TotalLoss=0.001
Train epoch 38: MCLoss=0.0, EILoss=0.0, TotalLoss=0.001
Train epoch 39: MCLoss=0.0, EILoss=0.0, TotalLoss=0.001
Train epoch 40: MCLoss=0.0, EILoss=0.0, TotalLoss=0.001
Train epoch 41: MCLoss=0.0, EILoss=0.0, TotalLoss=0.001
Train epoch 42: MCLoss=0.0, EILoss=0.0, TotalLoss=0.001
Train epoch 43: MCLoss=0.0, EILoss=0.0, TotalLoss=0.001
Train epoch 44: MCLoss=0.0, EILoss=0.0, TotalLoss=0.001
Train epoch 45: MCLoss=0.0, EILoss=0.0, TotalLoss=0.001
Train epoch 46: MCLoss=0.0, EILoss=0.0, TotalLoss=0.001
Train epoch 47: MCLoss=0.0, EILoss=0.0, TotalLoss=0.001
Train epoch 48: MCLoss=0.0, EILoss=0.0, TotalLoss=0.001
Train epoch 49: MCLoss=0.0, EILoss=0.0, TotalLoss=0.001
Train epoch 50: MCLoss=0.0, EILoss=0.0, TotalLoss=0.001
Train epoch 51: MCLoss=0.0, EILoss=0.0, TotalLoss=0.001
Train epoch 52: MCLoss=0.0, EILoss=0.0, TotalLoss=0.001
Train epoch 53: MCLoss=0.0, EILoss=0.0, TotalLoss=0.001
Train epoch 54: MCLoss=0.0, EILoss=0.0, TotalLoss=0.001
Train epoch 55: MCLoss=0.0, EILoss=0.0, TotalLoss=0.001
Train epoch 56: MCLoss=0.0, EILoss=0.0, TotalLoss=0.001
Train epoch 57: MCLoss=0.0, EILoss=0.0, TotalLoss=0.001
Train epoch 58: MCLoss=0.0, EILoss=0.0, TotalLoss=0.001
Train epoch 59: MCLoss=0.0, EILoss=0.0, TotalLoss=0.001
Train epoch 60: MCLoss=0.0, EILoss=0.0, TotalLoss=0.001
Train epoch 61: MCLoss=0.0, EILoss=0.0, TotalLoss=0.001
Train epoch 62: MCLoss=0.0, EILoss=0.0, TotalLoss=0.0
Train epoch 63: MCLoss=0.0, EILoss=0.0, TotalLoss=0.001
Train epoch 64: MCLoss=0.0, EILoss=0.0, TotalLoss=0.001
Train epoch 65: MCLoss=0.0, EILoss=0.0, TotalLoss=0.001
Train epoch 66: MCLoss=0.0, EILoss=0.0, TotalLoss=0.0
Train epoch 67: MCLoss=0.0, EILoss=0.0, TotalLoss=0.0
Train epoch 68: MCLoss=0.0, EILoss=0.0, TotalLoss=0.0
Train epoch 69: MCLoss=0.0, EILoss=0.0, TotalLoss=0.0
Train epoch 70: MCLoss=0.0, EILoss=0.0, TotalLoss=0.0
Train epoch 71: MCLoss=0.0, EILoss=0.0, TotalLoss=0.0
Train epoch 72: MCLoss=0.0, EILoss=0.0, TotalLoss=0.001
Train epoch 73: MCLoss=0.0, EILoss=0.0, TotalLoss=0.0
Train epoch 74: MCLoss=0.0, EILoss=0.0, TotalLoss=0.0
Train epoch 75: MCLoss=0.0, EILoss=0.0, TotalLoss=0.0
Train epoch 76: MCLoss=0.0, EILoss=0.0, TotalLoss=0.001
Train epoch 77: MCLoss=0.0, EILoss=0.0, TotalLoss=0.0
Train epoch 78: MCLoss=0.0, EILoss=0.0, TotalLoss=0.0
Train epoch 79: MCLoss=0.0, EILoss=0.0, TotalLoss=0.001
The model has 2070082 trainable parameters
Train epoch 0: MCLoss=0.002, EILoss=0.003, TotalLoss=0.005
Train epoch 1: MCLoss=0.001, EILoss=0.001, TotalLoss=0.003
Train epoch 2: MCLoss=0.001, EILoss=0.001, TotalLoss=0.002
Train epoch 3: MCLoss=0.001, EILoss=0.001, TotalLoss=0.002
Train epoch 4: MCLoss=0.001, EILoss=0.001, TotalLoss=0.002
Train epoch 5: MCLoss=0.001, EILoss=0.001, TotalLoss=0.002
Train epoch 6: MCLoss=0.001, EILoss=0.001, TotalLoss=0.002
Train epoch 7: MCLoss=0.001, EILoss=0.001, TotalLoss=0.002
Train epoch 8: MCLoss=0.001, EILoss=0.001, TotalLoss=0.002
Train epoch 9: MCLoss=0.001, EILoss=0.001, TotalLoss=0.002
Train epoch 10: MCLoss=0.001, EILoss=0.001, TotalLoss=0.002
Train epoch 11: MCLoss=0.001, EILoss=0.001, TotalLoss=0.002
Train epoch 12: MCLoss=0.001, EILoss=0.001, TotalLoss=0.002
Train epoch 13: MCLoss=0.001, EILoss=0.001, TotalLoss=0.002
Train epoch 14: MCLoss=0.001, EILoss=0.001, TotalLoss=0.002
Train epoch 15: MCLoss=0.001, EILoss=0.001, TotalLoss=0.002
Train epoch 16: MCLoss=0.001, EILoss=0.001, TotalLoss=0.001
Train epoch 17: MCLoss=0.001, EILoss=0.001, TotalLoss=0.001
Train epoch 18: MCLoss=0.001, EILoss=0.001, TotalLoss=0.001
Train epoch 19: MCLoss=0.001, EILoss=0.001, TotalLoss=0.001
Train epoch 20: MCLoss=0.001, EILoss=0.001, TotalLoss=0.001
Train epoch 21: MCLoss=0.001, EILoss=0.001, TotalLoss=0.002
Train epoch 22: MCLoss=0.001, EILoss=0.001, TotalLoss=0.001
Train epoch 23: MCLoss=0.001, EILoss=0.001, TotalLoss=0.001
Train epoch 24: MCLoss=0.001, EILoss=0.001, TotalLoss=0.001
Train epoch 25: MCLoss=0.001, EILoss=0.001, TotalLoss=0.001
Train epoch 26: MCLoss=0.0, EILoss=0.001, TotalLoss=0.001
Train epoch 27: MCLoss=0.001, EILoss=0.001, TotalLoss=0.001
Train epoch 28: MCLoss=0.0, EILoss=0.001, TotalLoss=0.001
Train epoch 29: MCLoss=0.001, EILoss=0.001, TotalLoss=0.001
Train epoch 30: MCLoss=0.0, EILoss=0.001, TotalLoss=0.001
Train epoch 31: MCLoss=0.0, EILoss=0.001, TotalLoss=0.001
Train epoch 32: MCLoss=0.0, EILoss=0.001, TotalLoss=0.001
Train epoch 33: MCLoss=0.001, EILoss=0.001, TotalLoss=0.001
Train epoch 34: MCLoss=0.0, EILoss=0.001, TotalLoss=0.001
Train epoch 35: MCLoss=0.0, EILoss=0.001, TotalLoss=0.001
Train epoch 36: MCLoss=0.0, EILoss=0.001, TotalLoss=0.001
Train epoch 37: MCLoss=0.001, EILoss=0.001, TotalLoss=0.002
Train epoch 38: MCLoss=0.001, EILoss=0.001, TotalLoss=0.002
Train epoch 39: MCLoss=0.001, EILoss=0.001, TotalLoss=0.001
Train epoch 40: MCLoss=0.001, EILoss=0.001, TotalLoss=0.001
Train epoch 41: MCLoss=0.001, EILoss=0.001, TotalLoss=0.001
Train epoch 42: MCLoss=0.0, EILoss=0.001, TotalLoss=0.001
Train epoch 43: MCLoss=0.0, EILoss=0.001, TotalLoss=0.001
Train epoch 44: MCLoss=0.0, EILoss=0.001, TotalLoss=0.001
Train epoch 45: MCLoss=0.0, EILoss=0.001, TotalLoss=0.001
Train epoch 46: MCLoss=0.0, EILoss=0.001, TotalLoss=0.001
Train epoch 47: MCLoss=0.0, EILoss=0.0, TotalLoss=0.001
Train epoch 48: MCLoss=0.0, EILoss=0.001, TotalLoss=0.001
Train epoch 49: MCLoss=0.0, EILoss=0.0, TotalLoss=0.001
Train epoch 50: MCLoss=0.0, EILoss=0.001, TotalLoss=0.001
Train epoch 51: MCLoss=0.0, EILoss=0.0, TotalLoss=0.001
Train epoch 52: MCLoss=0.0, EILoss=0.001, TotalLoss=0.001
Train epoch 53: MCLoss=0.0, EILoss=0.0, TotalLoss=0.001
Train epoch 54: MCLoss=0.0, EILoss=0.001, TotalLoss=0.001
Train epoch 55: MCLoss=0.0, EILoss=0.001, TotalLoss=0.001
Train epoch 56: MCLoss=0.0, EILoss=0.0, TotalLoss=0.001
Train epoch 57: MCLoss=0.0, EILoss=0.0, TotalLoss=0.001
Train epoch 58: MCLoss=0.0, EILoss=0.0, TotalLoss=0.001
Train epoch 59: MCLoss=0.0, EILoss=0.0, TotalLoss=0.001
Train epoch 60: MCLoss=0.0, EILoss=0.0, TotalLoss=0.001
Train epoch 61: MCLoss=0.0, EILoss=0.0, TotalLoss=0.001
Train epoch 62: MCLoss=0.0, EILoss=0.0, TotalLoss=0.001
Train epoch 63: MCLoss=0.0, EILoss=0.0, TotalLoss=0.001
Train epoch 64: MCLoss=0.0, EILoss=0.001, TotalLoss=0.001
Train epoch 65: MCLoss=0.0, EILoss=0.0, TotalLoss=0.001
Train epoch 66: MCLoss=0.0, EILoss=0.0, TotalLoss=0.001
Train epoch 67: MCLoss=0.0, EILoss=0.0, TotalLoss=0.001
Train epoch 68: MCLoss=0.0, EILoss=0.0, TotalLoss=0.001
Train epoch 69: MCLoss=0.0, EILoss=0.0, TotalLoss=0.001
Train epoch 70: MCLoss=0.0, EILoss=0.0, TotalLoss=0.001
Train epoch 71: MCLoss=0.0, EILoss=0.0, TotalLoss=0.001
Train epoch 72: MCLoss=0.0, EILoss=0.0, TotalLoss=0.0
Train epoch 73: MCLoss=0.0, EILoss=0.0, TotalLoss=0.0
Train epoch 74: MCLoss=0.0, EILoss=0.0, TotalLoss=0.001
Train epoch 75: MCLoss=0.0, EILoss=0.0, TotalLoss=0.001
Train epoch 76: MCLoss=0.0, EILoss=0.001, TotalLoss=0.001
Train epoch 77: MCLoss=0.0, EILoss=0.0, TotalLoss=0.001
Train epoch 78: MCLoss=0.0, EILoss=0.001, TotalLoss=0.001
Train epoch 79: MCLoss=0.0, EILoss=0.0, TotalLoss=0.001
Train epoch 80: MCLoss=0.0, EILoss=0.0, TotalLoss=0.001
Train epoch 81: MCLoss=0.0, EILoss=0.0, TotalLoss=0.001
Train epoch 82: MCLoss=0.0, EILoss=0.0, TotalLoss=0.001
Train epoch 83: MCLoss=0.0, EILoss=0.0, TotalLoss=0.0
Train epoch 84: MCLoss=0.0, EILoss=0.0, TotalLoss=0.0
Train epoch 85: MCLoss=0.0, EILoss=0.0, TotalLoss=0.0
Train epoch 86: MCLoss=0.0, EILoss=0.0, TotalLoss=0.0
Train epoch 87: MCLoss=0.0, EILoss=0.0, TotalLoss=0.0
Train epoch 88: MCLoss=0.0, EILoss=0.0, TotalLoss=0.001
Train epoch 89: MCLoss=0.0, EILoss=0.0, TotalLoss=0.001
Train epoch 90: MCLoss=0.0, EILoss=0.0, TotalLoss=0.001
Train epoch 91: MCLoss=0.0, EILoss=0.0, TotalLoss=0.001
Train epoch 92: MCLoss=0.0, EILoss=0.0, TotalLoss=0.0
Train epoch 93: MCLoss=0.0, EILoss=0.0, TotalLoss=0.0
Train epoch 94: MCLoss=0.0, EILoss=0.0, TotalLoss=0.0
Train epoch 95: MCLoss=0.0, EILoss=0.0, TotalLoss=0.0
Train epoch 96: MCLoss=0.0, EILoss=0.0, TotalLoss=0.0
Train epoch 97: MCLoss=0.0, EILoss=0.0, TotalLoss=0.0
Train epoch 98: MCLoss=0.0, EILoss=0.0, TotalLoss=0.0
Train epoch 99: MCLoss=0.0, EILoss=0.0, TotalLoss=0.0
Train epoch 100: MCLoss=0.0, EILoss=0.0, TotalLoss=0.0
Train epoch 101: MCLoss=0.0, EILoss=0.0, TotalLoss=0.0
Train epoch 102: MCLoss=0.0, EILoss=0.0, TotalLoss=0.0
Train epoch 103: MCLoss=0.0, EILoss=0.0, TotalLoss=0.0
Train epoch 104: MCLoss=0.0, EILoss=0.0, TotalLoss=0.001
Train epoch 105: MCLoss=0.0, EILoss=0.0, TotalLoss=0.001
Train epoch 106: MCLoss=0.0, EILoss=0.0, TotalLoss=0.001
Train epoch 107: MCLoss=0.0, EILoss=0.0, TotalLoss=0.0
Train epoch 108: MCLoss=0.0, EILoss=0.0, TotalLoss=0.0
Train epoch 109: MCLoss=0.0, EILoss=0.0, TotalLoss=0.0
Train epoch 110: MCLoss=0.0, EILoss=0.0, TotalLoss=0.0
Train epoch 111: MCLoss=0.0, EILoss=0.0, TotalLoss=0.0
Train epoch 112: MCLoss=0.0, EILoss=0.0, TotalLoss=0.0
Train epoch 113: MCLoss=0.0, EILoss=0.0, TotalLoss=0.0
Train epoch 114: MCLoss=0.0, EILoss=0.0, TotalLoss=0.0
Train epoch 115: MCLoss=0.0, EILoss=0.0, TotalLoss=0.0
Train epoch 116: MCLoss=0.0, EILoss=0.0, TotalLoss=0.0
Train epoch 117: MCLoss=0.0, EILoss=0.0, TotalLoss=0.0
Train epoch 118: MCLoss=0.0, EILoss=0.0, TotalLoss=0.0
Train epoch 119: MCLoss=0.0, EILoss=0.0, TotalLoss=0.0
Train epoch 120: MCLoss=0.0, EILoss=0.0, TotalLoss=0.0
Train epoch 121: MCLoss=0.0, EILoss=0.0, TotalLoss=0.0
Train epoch 122: MCLoss=0.0, EILoss=0.0, TotalLoss=0.0
Train epoch 123: MCLoss=0.0, EILoss=0.0, TotalLoss=0.0
Train epoch 124: MCLoss=0.0, EILoss=0.0, TotalLoss=0.0
Train epoch 125: MCLoss=0.0, EILoss=0.0, TotalLoss=0.0
Train epoch 126: MCLoss=0.0, EILoss=0.0, TotalLoss=0.0
Train epoch 127: MCLoss=0.0, EILoss=0.0, TotalLoss=0.001
Train epoch 128: MCLoss=0.0, EILoss=0.0, TotalLoss=0.001
Train epoch 129: MCLoss=0.0, EILoss=0.0, TotalLoss=0.0
Train epoch 130: MCLoss=0.0, EILoss=0.0, TotalLoss=0.0
Train epoch 131: MCLoss=0.0, EILoss=0.0, TotalLoss=0.0
Train epoch 132: MCLoss=0.0, EILoss=0.0, TotalLoss=0.0
Train epoch 133: MCLoss=0.0, EILoss=0.0, TotalLoss=0.0
Train epoch 134: MCLoss=0.0, EILoss=0.0, TotalLoss=0.0
Train epoch 135: MCLoss=0.0, EILoss=0.0, TotalLoss=0.0
Train epoch 136: MCLoss=0.0, EILoss=0.0, TotalLoss=0.0
Train epoch 137: MCLoss=0.0, EILoss=0.0, TotalLoss=0.0
Train epoch 138: MCLoss=0.0, EILoss=0.0, TotalLoss=0.0
Train epoch 139: MCLoss=0.0, EILoss=0.0, TotalLoss=0.0
Train epoch 140: MCLoss=0.0, EILoss=0.0, TotalLoss=0.0
Train epoch 141: MCLoss=0.0, EILoss=0.0, TotalLoss=0.0
Train epoch 142: MCLoss=0.0, EILoss=0.0, TotalLoss=0.0
Train epoch 143: MCLoss=0.0, EILoss=0.0, TotalLoss=0.0
Train epoch 144: MCLoss=0.0, EILoss=0.0, TotalLoss=0.0
Train epoch 145: MCLoss=0.0, EILoss=0.0, TotalLoss=0.0
Train epoch 146: MCLoss=0.0, EILoss=0.0, TotalLoss=0.0
Train epoch 147: MCLoss=0.0, EILoss=0.0, TotalLoss=0.0
Train epoch 148: MCLoss=0.0, EILoss=0.0, TotalLoss=0.0
Train epoch 149: MCLoss=0.0, EILoss=0.0, TotalLoss=0.0
Train epoch 150: MCLoss=0.0, EILoss=0.0, TotalLoss=0.0
Train epoch 151: MCLoss=0.0, EILoss=0.0, TotalLoss=0.0
Train epoch 152: MCLoss=0.0, EILoss=0.0, TotalLoss=0.001
Train epoch 153: MCLoss=0.0, EILoss=0.0, TotalLoss=0.001
Train epoch 154: MCLoss=0.0, EILoss=0.001, TotalLoss=0.001
Train epoch 155: MCLoss=0.0, EILoss=0.0, TotalLoss=0.001
Train epoch 156: MCLoss=0.0, EILoss=0.0, TotalLoss=0.001
Train epoch 157: MCLoss=0.0, EILoss=0.0, TotalLoss=0.0
Train epoch 158: MCLoss=0.0, EILoss=0.001, TotalLoss=0.001
Train epoch 159: MCLoss=0.0, EILoss=0.001, TotalLoss=0.001
{
  "arm": "Fine-tune",
  "N_buf": 1,
  "seed": 1,
  "PSNR_T1": -0.13251566886901855,
  "PSNR_T2": 12.209124565124512,
  "Avg": 6.038304448127747,
  "Fgt": 25.170785665512085,
  "arm_loss": "current: MCLoss() + EILoss(Rotate(n_trans=4)); no buffer replay"
}
reviewer_check: {
  "source": "operators/schedule (not stale config.t2_*)",
  "cross_ip": true,
  "unsupervised": true,
  "physics_class_t1": "deepinv.physics.MRI",
  "physics_class_t2": "deepinv.physics.Tomography",
  "ct_n_angles": 40,
  "t2_is_tomography": true,
  "n_angles_40": true,
  "fgt_handcheck_ok": true,
  "replay_rebuilds_mri": true,
  "BufferReplayLoss_logged": null,
  "backbone_class": "deepinv.models.UNet",
  "backbone_ctor_kwargs": {
    "in_channels": 2,
    "out_channels": 2,
    "residual": true,
    "circular_padding": false,
    "cat": true,
    "bias": true,
    "batch_norm": true,
    "scales": 3
  },
  "backbone_wrapper_class": "deepinv.models.ArtifactRemoval",
  "backbone_wrapper_ctor_kwargs": {
    "mode": "adjoint"
  },
  "pass": true
}
buffer: {
  "N_buf": 1,
  "n_distinct_ya": 1,
  "n_distinct_A": 1,
  "holds_t1_A": true,
  "accels": [
    4
  ],
  "slots": [
    {
      "slot": 0,
      "y_id": "66d54aa5b09c",
      "mask_id": "ea2dea864a86"
    }
  ]
}

=== arm=er_mc N_buf=1 seed=1 device=cpu tiny=False n_train=8 gate=- supervised=False cross_ip=True backbone=unet T1=knee/gaussian/4x T2=ct/Tomography/40 ===
Power iteration converged at iteration 9, value=2471.68
The model has 2070082 trainable parameters
Train epoch 0: MCLoss=0.044, EILoss=0.097, TotalLoss=0.141
Train epoch 1: MCLoss=0.005, EILoss=0.011, TotalLoss=0.016
Train epoch 2: MCLoss=0.003, EILoss=0.004, TotalLoss=0.006
Train epoch 3: MCLoss=0.001, EILoss=0.002, TotalLoss=0.003
Train epoch 4: MCLoss=0.001, EILoss=0.002, TotalLoss=0.002
Train epoch 5: MCLoss=0.001, EILoss=0.001, TotalLoss=0.002
Train epoch 6: MCLoss=0.0, EILoss=0.001, TotalLoss=0.002
Train epoch 7: MCLoss=0.0, EILoss=0.001, TotalLoss=0.001
Train epoch 8: MCLoss=0.0, EILoss=0.001, TotalLoss=0.001
Train epoch 9: MCLoss=0.0, EILoss=0.001, TotalLoss=0.001
Train epoch 10: MCLoss=0.0, EILoss=0.001, TotalLoss=0.001
Train epoch 11: MCLoss=0.0, EILoss=0.001, TotalLoss=0.001
Train epoch 12: MCLoss=0.0, EILoss=0.001, TotalLoss=0.001
Train epoch 13: MCLoss=0.0, EILoss=0.001, TotalLoss=0.001
Train epoch 14: MCLoss=0.0, EILoss=0.001, TotalLoss=0.001
Train epoch 15: MCLoss=0.0, EILoss=0.001, TotalLoss=0.001
Train epoch 16: MCLoss=0.0, EILoss=0.001, TotalLoss=0.001
Train epoch 17: MCLoss=0.0, EILoss=0.001, TotalLoss=0.001
Train epoch 18: MCLoss=0.0, EILoss=0.001, TotalLoss=0.001
Train epoch 19: MCLoss=0.0, EILoss=0.001, TotalLoss=0.001
Train epoch 20: MCLoss=0.0, EILoss=0.001, TotalLoss=0.001
Train epoch 21: MCLoss=0.0, EILoss=0.001, TotalLoss=0.001
Train epoch 22: MCLoss=0.0, EILoss=0.001, TotalLoss=0.001
Train epoch 23: MCLoss=0.0, EILoss=0.001, TotalLoss=0.001
Train epoch 24: MCLoss=0.0, EILoss=0.001, TotalLoss=0.001
Train epoch 25: MCLoss=0.0, EILoss=0.001, TotalLoss=0.001
Train epoch 26: MCLoss=0.0, EILoss=0.001, TotalLoss=0.001
Train epoch 27: MCLoss=0.0, EILoss=0.001, TotalLoss=0.001
Train epoch 28: MCLoss=0.0, EILoss=0.001, TotalLoss=0.001
Train epoch 29: MCLoss=0.0, EILoss=0.001, TotalLoss=0.001
Train epoch 30: MCLoss=0.0, EILoss=0.001, TotalLoss=0.001
Train epoch 31: MCLoss=0.0, EILoss=0.001, TotalLoss=0.001
Train epoch 32: MCLoss=0.0, EILoss=0.0, TotalLoss=0.001
Train epoch 33: MCLoss=0.0, EILoss=0.001, TotalLoss=0.001
Train epoch 34: MCLoss=0.0, EILoss=0.0, TotalLoss=0.001
Train epoch 35: MCLoss=0.0, EILoss=0.0, TotalLoss=0.001
Train epoch 36: MCLoss=0.0, EILoss=0.0, TotalLoss=0.001
Train epoch 37: MCLoss=0.0, EILoss=0.0, TotalLoss=0.001
Train epoch 38: MCLoss=0.0, EILoss=0.0, TotalLoss=0.001
Train epoch 39: MCLoss=0.0, EILoss=0.0, TotalLoss=0.001
Train epoch 40: MCLoss=0.0, EILoss=0.0, TotalLoss=0.001
Train epoch 41: MCLoss=0.0, EILoss=0.0, TotalLoss=0.001
Train epoch 42: MCLoss=0.0, EILoss=0.0, TotalLoss=0.001
Train epoch 43: MCLoss=0.0, EILoss=0.0, TotalLoss=0.001
Train epoch 44: MCLoss=0.0, EILoss=0.0, TotalLoss=0.001
Train epoch 45: MCLoss=0.0, EILoss=0.0, TotalLoss=0.001
Train epoch 46: MCLoss=0.0, EILoss=0.0, TotalLoss=0.001
Train epoch 47: MCLoss=0.0, EILoss=0.0, TotalLoss=0.001
Train epoch 48: MCLoss=0.0, EILoss=0.0, TotalLoss=0.001
Train epoch 49: MCLoss=0.0, EILoss=0.0, TotalLoss=0.001
Train epoch 50: MCLoss=0.0, EILoss=0.0, TotalLoss=0.001
Train epoch 51: MCLoss=0.0, EILoss=0.0, TotalLoss=0.001
Train epoch 52: MCLoss=0.0, EILoss=0.0, TotalLoss=0.001
Train epoch 53: MCLoss=0.0, EILoss=0.0, TotalLoss=0.001
Train epoch 54: MCLoss=0.0, EILoss=0.0, TotalLoss=0.001
Train epoch 55: MCLoss=0.0, EILoss=0.0, TotalLoss=0.001
Train epoch 56: MCLoss=0.0, EILoss=0.0, TotalLoss=0.001
Train epoch 57: MCLoss=0.0, EILoss=0.0, TotalLoss=0.001
Train epoch 58: MCLoss=0.0, EILoss=0.0, TotalLoss=0.001
Train epoch 59: MCLoss=0.0, EILoss=0.0, TotalLoss=0.001
Train epoch 60: MCLoss=0.0, EILoss=0.0, TotalLoss=0.001
Train epoch 61: MCLoss=0.0, EILoss=0.0, TotalLoss=0.001
Train epoch 62: MCLoss=0.0, EILoss=0.0, TotalLoss=0.0
Train epoch 63: MCLoss=0.0, EILoss=0.0, TotalLoss=0.001
Train epoch 64: MCLoss=0.0, EILoss=0.0, TotalLoss=0.001
Train epoch 65: MCLoss=0.0, EILoss=0.0, TotalLoss=0.001
Train epoch 66: MCLoss=0.0, EILoss=0.0, TotalLoss=0.0
Train epoch 67: MCLoss=0.0, EILoss=0.0, TotalLoss=0.0
Train epoch 68: MCLoss=0.0, EILoss=0.0, TotalLoss=0.0
Train epoch 69: MCLoss=0.0, EILoss=0.0, TotalLoss=0.0
Train epoch 70: MCLoss=0.0, EILoss=0.0, TotalLoss=0.0
Train epoch 71: MCLoss=0.0, EILoss=0.0, TotalLoss=0.0
Train epoch 72: MCLoss=0.0, EILoss=0.0, TotalLoss=0.001
Train epoch 73: MCLoss=0.0, EILoss=0.0, TotalLoss=0.0
Train epoch 74: MCLoss=0.0, EILoss=0.0, TotalLoss=0.0
Train epoch 75: MCLoss=0.0, EILoss=0.0, TotalLoss=0.0
Train epoch 76: MCLoss=0.0, EILoss=0.0, TotalLoss=0.001
Train epoch 77: MCLoss=0.0, EILoss=0.0, TotalLoss=0.0
Train epoch 78: MCLoss=0.0, EILoss=0.0, TotalLoss=0.0
Train epoch 79: MCLoss=0.0, EILoss=0.0, TotalLoss=0.001
pre_T2_replay BufferReplayLoss=4.01085017e-05 physics=deepinv.physics.MRI y_b_shape=[1, 2, 128, 128] mask_shape=[1, 2, 128, 128] via make_mri_physics
The model has 2070082 trainable parameters
Train epoch 0: MCLoss=0.002, EILoss=0.003, BufferReplayLoss=0.001, TotalLoss=0.006
Train epoch 1: MCLoss=0.001, EILoss=0.001, BufferReplayLoss=0.0, TotalLoss=0.003
Train epoch 2: MCLoss=0.001, EILoss=0.001, BufferReplayLoss=0.0, TotalLoss=0.003
Train epoch 3: MCLoss=0.001, EILoss=0.001, BufferReplayLoss=0.0, TotalLoss=0.003
Train epoch 4: MCLoss=0.001, EILoss=0.001, BufferReplayLoss=0.0, TotalLoss=0.002
Train epoch 5: MCLoss=0.001, EILoss=0.001, BufferReplayLoss=0.0, TotalLoss=0.002
Train epoch 6: MCLoss=0.001, EILoss=0.001, BufferReplayLoss=0.0, TotalLoss=0.002
Train epoch 7: MCLoss=0.001, EILoss=0.001, BufferReplayLoss=0.0, TotalLoss=0.002
Train epoch 8: MCLoss=0.001, EILoss=0.001, BufferReplayLoss=0.0, TotalLoss=0.002
Train epoch 9: MCLoss=0.001, EILoss=0.001, BufferReplayLoss=0.0, TotalLoss=0.002
Train epoch 10: MCLoss=0.001, EILoss=0.001, BufferReplayLoss=0.0, TotalLoss=0.002
Train epoch 11: MCLoss=0.001, EILoss=0.001, BufferReplayLoss=0.0, TotalLoss=0.002
Train epoch 12: MCLoss=0.001, EILoss=0.001, BufferReplayLoss=0.0, TotalLoss=0.002
Train epoch 13: MCLoss=0.001, EILoss=0.001, BufferReplayLoss=0.0, TotalLoss=0.002
Train epoch 14: MCLoss=0.001, EILoss=0.001, BufferReplayLoss=0.0, TotalLoss=0.002
Train epoch 15: MCLoss=0.001, EILoss=0.001, BufferReplayLoss=0.0, TotalLoss=0.002
Train epoch 16: MCLoss=0.001, EILoss=0.001, BufferReplayLoss=0.0, TotalLoss=0.002
Train epoch 17: MCLoss=0.001, EILoss=0.001, BufferReplayLoss=0.0, TotalLoss=0.002
Train epoch 18: MCLoss=0.001, EILoss=0.001, BufferReplayLoss=0.0, TotalLoss=0.002
Train epoch 19: MCLoss=0.001, EILoss=0.001, BufferReplayLoss=0.0, TotalLoss=0.002
Train epoch 20: MCLoss=0.001, EILoss=0.001, BufferReplayLoss=0.0, TotalLoss=0.002
Train epoch 21: MCLoss=0.001, EILoss=0.001, BufferReplayLoss=0.0, TotalLoss=0.002
Train epoch 22: MCLoss=0.001, EILoss=0.001, BufferReplayLoss=0.0, TotalLoss=0.001
Train epoch 23: MCLoss=0.001, EILoss=0.001, BufferReplayLoss=0.0, TotalLoss=0.001
Train epoch 24: MCLoss=0.001, EILoss=0.001, BufferReplayLoss=0.0, TotalLoss=0.001
Train epoch 25: MCLoss=0.001, EILoss=0.001, BufferReplayLoss=0.0, TotalLoss=0.002
Train epoch 26: MCLoss=0.001, EILoss=0.001, BufferReplayLoss=0.0, TotalLoss=0.001
Train epoch 27: MCLoss=0.001, EILoss=0.001, BufferReplayLoss=0.0, TotalLoss=0.001
Train epoch 28: MCLoss=0.0, EILoss=0.001, BufferReplayLoss=0.0, TotalLoss=0.001
Train epoch 29: MCLoss=0.001, EILoss=0.001, BufferReplayLoss=0.0, TotalLoss=0.002
Train epoch 30: MCLoss=0.001, EILoss=0.001, BufferReplayLoss=0.0, TotalLoss=0.002
Train epoch 31: MCLoss=0.001, EILoss=0.001, BufferReplayLoss=0.001, TotalLoss=0.003
Train epoch 32: MCLoss=0.001, EILoss=0.001, BufferReplayLoss=0.0, TotalLoss=0.002
Train epoch 33: MCLoss=0.001, EILoss=0.001, BufferReplayLoss=0.0, TotalLoss=0.002
Train epoch 34: MCLoss=0.001, EILoss=0.001, BufferReplayLoss=0.0, TotalLoss=0.002
Train epoch 35: MCLoss=0.001, EILoss=0.001, BufferReplayLoss=0.0, TotalLoss=0.002
Train epoch 36: MCLoss=0.001, EILoss=0.001, BufferReplayLoss=0.0, TotalLoss=0.001
Train epoch 37: MCLoss=0.001, EILoss=0.001, BufferReplayLoss=0.0, TotalLoss=0.001
Train epoch 38: MCLoss=0.001, EILoss=0.001, BufferReplayLoss=0.0, TotalLoss=0.001
Train epoch 39: MCLoss=0.001, EILoss=0.001, BufferReplayLoss=0.0, TotalLoss=0.001
Train epoch 40: MCLoss=0.0, EILoss=0.001, BufferReplayLoss=0.0, TotalLoss=0.001
Train epoch 41: MCLoss=0.001, EILoss=0.001, BufferReplayLoss=0.0, TotalLoss=0.001
Train epoch 42: MCLoss=0.0, EILoss=0.001, BufferReplayLoss=0.0, TotalLoss=0.001
Train epoch 43: MCLoss=0.0, EILoss=0.0, BufferReplayLoss=0.0, TotalLoss=0.001
Train epoch 44: MCLoss=0.0, EILoss=0.001, BufferReplayLoss=0.0, TotalLoss=0.001
Train epoch 45: MCLoss=0.0, EILoss=0.001, BufferReplayLoss=0.0, TotalLoss=0.001
Train epoch 46: MCLoss=0.0, EILoss=0.001, BufferReplayLoss=0.0, TotalLoss=0.001
Train epoch 47: MCLoss=0.0, EILoss=0.001, BufferReplayLoss=0.0, TotalLoss=0.001
Train epoch 48: MCLoss=0.0, EILoss=0.001, BufferReplayLoss=0.0, TotalLoss=0.001
Train epoch 49: MCLoss=0.0, EILoss=0.001, BufferReplayLoss=0.0, TotalLoss=0.001
Train epoch 50: MCLoss=0.0, EILoss=0.001, BufferReplayLoss=0.0, TotalLoss=0.001
Train epoch 51: MCLoss=0.0, EILoss=0.0, BufferReplayLoss=0.0, TotalLoss=0.001
Train epoch 52: MCLoss=0.0, EILoss=0.001, BufferReplayLoss=0.0, TotalLoss=0.001
Train epoch 53: MCLoss=0.0, EILoss=0.0, BufferReplayLoss=0.0, TotalLoss=0.001
Train epoch 54: MCLoss=0.0, EILoss=0.0, BufferReplayLoss=0.0, TotalLoss=0.001
Train epoch 55: MCLoss=0.0, EILoss=0.001, BufferReplayLoss=0.0, TotalLoss=0.001
Train epoch 56: MCLoss=0.0, EILoss=0.001, BufferReplayLoss=0.0, TotalLoss=0.001
Train epoch 57: MCLoss=0.0, EILoss=0.0, BufferReplayLoss=0.0, TotalLoss=0.001
Train epoch 58: MCLoss=0.0, EILoss=0.0, BufferReplayLoss=0.0, TotalLoss=0.001
Train epoch 59: MCLoss=0.0, EILoss=0.001, BufferReplayLoss=0.0, TotalLoss=0.001
Train epoch 60: MCLoss=0.0, EILoss=0.001, BufferReplayLoss=0.0, TotalLoss=0.001
Train epoch 61: MCLoss=0.0, EILoss=0.001, BufferReplayLoss=0.0, TotalLoss=0.001
Train epoch 62: MCLoss=0.0, EILoss=0.0, BufferReplayLoss=0.0, TotalLoss=0.001
Train epoch 63: MCLoss=0.0, EILoss=0.0, BufferReplayLoss=0.0, TotalLoss=0.001
Train epoch 64: MCLoss=0.0, EILoss=0.0, BufferReplayLoss=0.0, TotalLoss=0.001
Train epoch 65: MCLoss=0.0, EILoss=0.0, BufferReplayLoss=0.0, TotalLoss=0.001
Train epoch 66: MCLoss=0.0, EILoss=0.0, BufferReplayLoss=0.0, TotalLoss=0.001
Train epoch 67: MCLoss=0.0, EILoss=0.0, BufferReplayLoss=0.0, TotalLoss=0.001
Train epoch 68: MCLoss=0.0, EILoss=0.0, BufferReplayLoss=0.0, TotalLoss=0.001
Train epoch 69: MCLoss=0.0, EILoss=0.0, BufferReplayLoss=0.0, TotalLoss=0.001
Train epoch 70: MCLoss=0.0, EILoss=0.0, BufferReplayLoss=0.0, TotalLoss=0.001
Train epoch 71: MCLoss=0.0, EILoss=0.0, BufferReplayLoss=0.0, TotalLoss=0.001
Train epoch 72: MCLoss=0.0, EILoss=0.0, BufferReplayLoss=0.0, TotalLoss=0.001
Train epoch 73: MCLoss=0.0, EILoss=0.0, BufferReplayLoss=0.0, TotalLoss=0.0
Train epoch 74: MCLoss=0.0, EILoss=0.0, BufferReplayLoss=0.0, TotalLoss=0.001
Train epoch 75: MCLoss=0.0, EILoss=0.0, BufferReplayLoss=0.0, TotalLoss=0.001
Train epoch 76: MCLoss=0.0, EILoss=0.0, BufferReplayLoss=0.0, TotalLoss=0.001
Train epoch 77: MCLoss=0.0, EILoss=0.0, BufferReplayLoss=0.0, TotalLoss=0.001
Train epoch 78: MCLoss=0.0, EILoss=0.0, BufferReplayLoss=0.0, TotalLoss=0.001
Train epoch 79: MCLoss=0.0, EILoss=0.0, BufferReplayLoss=0.0, TotalLoss=0.001
Train epoch 80: MCLoss=0.0, EILoss=0.0, BufferReplayLoss=0.0, TotalLoss=0.001
Train epoch 81: MCLoss=0.0, EILoss=0.0, BufferReplayLoss=0.0, TotalLoss=0.001
Train epoch 82: MCLoss=0.0, EILoss=0.0, BufferReplayLoss=0.0, TotalLoss=0.001
Train epoch 83: MCLoss=0.0, EILoss=0.0, BufferReplayLoss=0.0, TotalLoss=0.001
Train epoch 84: MCLoss=0.0, EILoss=0.0, BufferReplayLoss=0.0, TotalLoss=0.001
Train epoch 85: MCLoss=0.0, EILoss=0.001, BufferReplayLoss=0.0, TotalLoss=0.001
Train epoch 86: MCLoss=0.0, EILoss=0.0, BufferReplayLoss=0.0, TotalLoss=0.001
Train epoch 87: MCLoss=0.0, EILoss=0.0, BufferReplayLoss=0.0, TotalLoss=0.001
Train epoch 88: MCLoss=0.0, EILoss=0.0, BufferReplayLoss=0.0, TotalLoss=0.001
Train epoch 89: MCLoss=0.0, EILoss=0.0, BufferReplayLoss=0.0, TotalLoss=0.001
Train epoch 90: MCLoss=0.0, EILoss=0.0, BufferReplayLoss=0.0, TotalLoss=0.001
Train epoch 91: MCLoss=0.0, EILoss=0.0, BufferReplayLoss=0.0, TotalLoss=0.001
Train epoch 92: MCLoss=0.0, EILoss=0.0, BufferReplayLoss=0.0, TotalLoss=0.001
Train epoch 93: MCLoss=0.0, EILoss=0.0, BufferReplayLoss=0.0, TotalLoss=0.001
Train epoch 94: MCLoss=0.0, EILoss=0.0, BufferReplayLoss=0.0, TotalLoss=0.0
Train epoch 95: MCLoss=0.0, EILoss=0.0, BufferReplayLoss=0.0, TotalLoss=0.0
Train epoch 96: MCLoss=0.0, EILoss=0.0, BufferReplayLoss=0.0, TotalLoss=0.001
Train epoch 97: MCLoss=0.0, EILoss=0.0, BufferReplayLoss=0.0, TotalLoss=0.0
Train epoch 98: MCLoss=0.0, EILoss=0.0, BufferReplayLoss=0.0, TotalLoss=0.0
Train epoch 99: MCLoss=0.0, EILoss=0.0, BufferReplayLoss=0.0, TotalLoss=0.0
Train epoch 100: MCLoss=0.0, EILoss=0.0, BufferReplayLoss=0.0, TotalLoss=0.0
Train epoch 101: MCLoss=0.0, EILoss=0.0, BufferReplayLoss=0.0, TotalLoss=0.0
Train epoch 102: MCLoss=0.0, EILoss=0.0, BufferReplayLoss=0.0, TotalLoss=0.0
Train epoch 103: MCLoss=0.0, EILoss=0.0, BufferReplayLoss=0.0, TotalLoss=0.0
Train epoch 104: MCLoss=0.0, EILoss=0.001, BufferReplayLoss=0.0, TotalLoss=0.001
Train epoch 105: MCLoss=0.0, EILoss=0.0, BufferReplayLoss=0.0, TotalLoss=0.001
Train epoch 106: MCLoss=0.0, EILoss=0.0, BufferReplayLoss=0.0, TotalLoss=0.001
Train epoch 107: MCLoss=0.0, EILoss=0.0, BufferReplayLoss=0.0, TotalLoss=0.001
Train epoch 108: MCLoss=0.0, EILoss=0.0, BufferReplayLoss=0.0, TotalLoss=0.0
Train epoch 109: MCLoss=0.0, EILoss=0.0, BufferReplayLoss=0.0, TotalLoss=0.0
Train epoch 110: MCLoss=0.0, EILoss=0.0, BufferReplayLoss=0.0, TotalLoss=0.0
Train epoch 111: MCLoss=0.0, EILoss=0.0, BufferReplayLoss=0.0, TotalLoss=0.0
Train epoch 112: MCLoss=0.0, EILoss=0.0, BufferReplayLoss=0.0, TotalLoss=0.0
Train epoch 113: MCLoss=0.0, EILoss=0.0, BufferReplayLoss=0.0, TotalLoss=0.0
Train epoch 114: MCLoss=0.0, EILoss=0.0, BufferReplayLoss=0.0, TotalLoss=0.0
Train epoch 115: MCLoss=0.0, EILoss=0.0, BufferReplayLoss=0.0, TotalLoss=0.0
Train epoch 116: MCLoss=0.0, EILoss=0.0, BufferReplayLoss=0.0, TotalLoss=0.0
Train epoch 117: MCLoss=0.0, EILoss=0.0, BufferReplayLoss=0.0, TotalLoss=0.0
Train epoch 118: MCLoss=0.0, EILoss=0.0, BufferReplayLoss=0.0, TotalLoss=0.0
Train epoch 119: MCLoss=0.0, EILoss=0.0, BufferReplayLoss=0.0, TotalLoss=0.0
Train epoch 120: MCLoss=0.0, EILoss=0.0, BufferReplayLoss=0.0, TotalLoss=0.0
Train epoch 121: MCLoss=0.0, EILoss=0.0, BufferReplayLoss=0.0, TotalLoss=0.0
Train epoch 122: MCLoss=0.0, EILoss=0.0, BufferReplayLoss=0.0, TotalLoss=0.0
Train epoch 123: MCLoss=0.0, EILoss=0.0, BufferReplayLoss=0.0, TotalLoss=0.0
Train epoch 124: MCLoss=0.0, EILoss=0.0, BufferReplayLoss=0.0, TotalLoss=0.0
Train epoch 125: MCLoss=0.0, EILoss=0.0, BufferReplayLoss=0.0, TotalLoss=0.0
Train epoch 126: MCLoss=0.0, EILoss=0.0, BufferReplayLoss=0.0, TotalLoss=0.0
Train epoch 127: MCLoss=0.0, EILoss=0.0, BufferReplayLoss=0.0, TotalLoss=0.0
Train epoch 128: MCLoss=0.0, EILoss=0.0, BufferReplayLoss=0.0, TotalLoss=0.0
Train epoch 129: MCLoss=0.0, EILoss=0.0, BufferReplayLoss=0.0, TotalLoss=0.0
Train epoch 130: MCLoss=0.0, EILoss=0.0, BufferReplayLoss=0.0, TotalLoss=0.0
Train epoch 131: MCLoss=0.0, EILoss=0.0, BufferReplayLoss=0.0, TotalLoss=0.0
Train epoch 132: MCLoss=0.0, EILoss=0.0, BufferReplayLoss=0.0, TotalLoss=0.0
Train epoch 133: MCLoss=0.0, EILoss=0.0, BufferReplayLoss=0.0, TotalLoss=0.0
Train epoch 134: MCLoss=0.0, EILoss=0.0, BufferReplayLoss=0.0, TotalLoss=0.0
Train epoch 135: MCLoss=0.0, EILoss=0.0, BufferReplayLoss=0.0, TotalLoss=0.0
Train epoch 136: MCLoss=0.0, EILoss=0.0, BufferReplayLoss=0.0, TotalLoss=0.0
Train epoch 137: MCLoss=0.0, EILoss=0.0, BufferReplayLoss=0.0, TotalLoss=0.0
Train epoch 138: MCLoss=0.0, EILoss=0.0, BufferReplayLoss=0.0, TotalLoss=0.0
Train epoch 139: MCLoss=0.0, EILoss=0.0, BufferReplayLoss=0.0, TotalLoss=0.0
Train epoch 140: MCLoss=0.0, EILoss=0.0, BufferReplayLoss=0.0, TotalLoss=0.0
Train epoch 141: MCLoss=0.0, EILoss=0.0, BufferReplayLoss=0.0, TotalLoss=0.0
Train epoch 142: MCLoss=0.0, EILoss=0.0, BufferReplayLoss=0.0, TotalLoss=0.0
Train epoch 143: MCLoss=0.0, EILoss=0.0, BufferReplayLoss=0.0, TotalLoss=0.0
Train epoch 144: MCLoss=0.0, EILoss=0.0, BufferReplayLoss=0.0, TotalLoss=0.0
Train epoch 145: MCLoss=0.0, EILoss=0.0, BufferReplayLoss=0.0, TotalLoss=0.0
Train epoch 146: MCLoss=0.0, EILoss=0.0, BufferReplayLoss=0.0, TotalLoss=0.0
Train epoch 147: MCLoss=0.0, EILoss=0.0, BufferReplayLoss=0.0, TotalLoss=0.0
Train epoch 148: MCLoss=0.0, EILoss=0.0, BufferReplayLoss=0.0, TotalLoss=0.0
Train epoch 149: MCLoss=0.0, EILoss=0.0, BufferReplayLoss=0.0, TotalLoss=0.0
Train epoch 150: MCLoss=0.0, EILoss=0.0, BufferReplayLoss=0.0, TotalLoss=0.0
Train epoch 151: MCLoss=0.0, EILoss=0.0, BufferReplayLoss=0.0, TotalLoss=0.0
Train epoch 152: MCLoss=0.0, EILoss=0.0, BufferReplayLoss=0.0, TotalLoss=0.0
Train epoch 153: MCLoss=0.0, EILoss=0.0, BufferReplayLoss=0.0, TotalLoss=0.001
Train epoch 154: MCLoss=0.0, EILoss=0.0, BufferReplayLoss=0.0, TotalLoss=0.001
Train epoch 155: MCLoss=0.0, EILoss=0.0, BufferReplayLoss=0.0, TotalLoss=0.001
Train epoch 156: MCLoss=0.0, EILoss=0.0, BufferReplayLoss=0.0, TotalLoss=0.0
Train epoch 157: MCLoss=0.0, EILoss=0.0, BufferReplayLoss=0.0, TotalLoss=0.0
Train epoch 158: MCLoss=0.0, EILoss=0.0, BufferReplayLoss=0.0, TotalLoss=0.001
Train epoch 159: MCLoss=0.0, EILoss=0.0, BufferReplayLoss=0.0, TotalLoss=0.0
{
  "arm": "ER+MC",
  "N_buf": 1,
  "seed": 1,
  "PSNR_T1": 17.85027313232422,
  "PSNR_T2": 11.842089176177979,
  "Avg": 14.846181154251099,
  "Fgt": 7.187996864318848,
  "arm_loss": "current: MCLoss() + EILoss(Rotate(n_trans=4)); buffer: MCLoss only"
}
replay: {
  "n_forwards": 1281,
  "first_BufferReplayLoss": 4.010850170743652e-05,
  "max_abs_BufferReplayLoss": 0.006632633972913027,
  "BufferReplayLoss_nonzero": true,
  "rebuilds_mri_from_stored_mask": true,
  "make_mri_physics": true,
  "replay_physics_class": "deepinv.physics.MRI",
  "y_b_shape": [
    1,
    2,
    128,
    128
  ],
  "mask_shape": [
    1,
    2,
    128,
    128
  ],
  "never_fed_mri_into_tomography": true
}
reviewer_check: {
  "source": "operators/schedule (not stale config.t2_*)",
  "cross_ip": true,
  "unsupervised": true,
  "physics_class_t1": "deepinv.physics.MRI",
  "physics_class_t2": "deepinv.physics.Tomography",
  "ct_n_angles": 40,
  "t2_is_tomography": true,
  "n_angles_40": true,
  "fgt_handcheck_ok": true,
  "replay_rebuilds_mri": true,
  "BufferReplayLoss_logged": {
    "n_forwards": 1281,
    "first_BufferReplayLoss": 4.010850170743652e-05,
    "max_abs_BufferReplayLoss": 0.006632633972913027,
    "BufferReplayLoss_nonzero": true,
    "rebuilds_mri_from_stored_mask": true,
    "make_mri_physics": true,
    "replay_physics_class": "deepinv.physics.MRI",
    "y_b_shape": [
      1,
      2,
      128,
      128
    ],
    "mask_shape": [
      1,
      2,
      128,
      128
    ],
    "never_fed_mri_into_tomography": true
  },
  "backbone_class": "deepinv.models.UNet",
  "backbone_ctor_kwargs": {
    "in_channels": 2,
    "out_channels": 2,
    "residual": true,
    "circular_padding": false,
    "cat": true,
    "bias": true,
    "batch_norm": true,
    "scales": 3
  },
  "backbone_wrapper_class": "deepinv.models.ArtifactRemoval",
  "backbone_wrapper_ctor_kwargs": {
    "mode": "adjoint"
  },
  "pass": true
}
buffer: {
  "N_buf": 1,
  "n_distinct_ya": 1,
  "n_distinct_A": 1,
  "holds_t1_A": true,
  "accels": [
    4
  ],
  "slots": [
    {
      "slot": 0,
      "y_id": "66d54aa5b09c",
      "mask_id": "ea2dea864a86"
    }
  ]
}

=== arm=er_ei N_buf=1 seed=1 device=cpu tiny=False n_train=8 gate=- supervised=False cross_ip=True backbone=unet T1=knee/gaussian/4x T2=ct/Tomography/40 ===
Power iteration converged at iteration 9, value=2471.68
The model has 2070082 trainable parameters
Train epoch 0: MCLoss=0.044, EILoss=0.097, TotalLoss=0.141
Train epoch 1: MCLoss=0.005, EILoss=0.011, TotalLoss=0.016
Train epoch 2: MCLoss=0.003, EILoss=0.004, TotalLoss=0.006
Train epoch 3: MCLoss=0.001, EILoss=0.002, TotalLoss=0.003
Train epoch 4: MCLoss=0.001, EILoss=0.002, TotalLoss=0.002
Train epoch 5: MCLoss=0.001, EILoss=0.001, TotalLoss=0.002
Train epoch 6: MCLoss=0.0, EILoss=0.001, TotalLoss=0.002
Train epoch 7: MCLoss=0.0, EILoss=0.001, TotalLoss=0.001
Train epoch 8: MCLoss=0.0, EILoss=0.001, TotalLoss=0.001
Train epoch 9: MCLoss=0.0, EILoss=0.001, TotalLoss=0.001
Train epoch 10: MCLoss=0.0, EILoss=0.001, TotalLoss=0.001
Train epoch 11: MCLoss=0.0, EILoss=0.001, TotalLoss=0.001
Train epoch 12: MCLoss=0.0, EILoss=0.001, TotalLoss=0.001
Train epoch 13: MCLoss=0.0, EILoss=0.001, TotalLoss=0.001
Train epoch 14: MCLoss=0.0, EILoss=0.001, TotalLoss=0.001
Train epoch 15: MCLoss=0.0, EILoss=0.001, TotalLoss=0.001
Train epoch 16: MCLoss=0.0, EILoss=0.001, TotalLoss=0.001
Train epoch 17: MCLoss=0.0, EILoss=0.001, TotalLoss=0.001
Train epoch 18: MCLoss=0.0, EILoss=0.001, TotalLoss=0.001
Train epoch 19: MCLoss=0.0, EILoss=0.001, TotalLoss=0.001
Train epoch 20: MCLoss=0.0, EILoss=0.001, TotalLoss=0.001
Train epoch 21: MCLoss=0.0, EILoss=0.001, TotalLoss=0.001
Train epoch 22: MCLoss=0.0, EILoss=0.001, TotalLoss=0.001
Train epoch 23: MCLoss=0.0, EILoss=0.001, TotalLoss=0.001
Train epoch 24: MCLoss=0.0, EILoss=0.001, TotalLoss=0.001
Train epoch 25: MCLoss=0.0, EILoss=0.001, TotalLoss=0.001
Train epoch 26: MCLoss=0.0, EILoss=0.001, TotalLoss=0.001
Train epoch 27: MCLoss=0.0, EILoss=0.001, TotalLoss=0.001
Train epoch 28: MCLoss=0.0, EILoss=0.001, TotalLoss=0.001
Train epoch 29: MCLoss=0.0, EILoss=0.001, TotalLoss=0.001
Train epoch 30: MCLoss=0.0, EILoss=0.001, TotalLoss=0.001
Train epoch 31: MCLoss=0.0, EILoss=0.001, TotalLoss=0.001
Train epoch 32: MCLoss=0.0, EILoss=0.0, TotalLoss=0.001
Train epoch 33: MCLoss=0.0, EILoss=0.001, TotalLoss=0.001
Train epoch 34: MCLoss=0.0, EILoss=0.0, TotalLoss=0.001
Train epoch 35: MCLoss=0.0, EILoss=0.0, TotalLoss=0.001
Train epoch 36: MCLoss=0.0, EILoss=0.0, TotalLoss=0.001
Train epoch 37: MCLoss=0.0, EILoss=0.0, TotalLoss=0.001
Train epoch 38: MCLoss=0.0, EILoss=0.0, TotalLoss=0.001
Train epoch 39: MCLoss=0.0, EILoss=0.0, TotalLoss=0.001
Train epoch 40: MCLoss=0.0, EILoss=0.0, TotalLoss=0.001
Train epoch 41: MCLoss=0.0, EILoss=0.0, TotalLoss=0.001
Train epoch 42: MCLoss=0.0, EILoss=0.0, TotalLoss=0.001
Train epoch 43: MCLoss=0.0, EILoss=0.0, TotalLoss=0.001
Train epoch 44: MCLoss=0.0, EILoss=0.0, TotalLoss=0.001
Train epoch 45: MCLoss=0.0, EILoss=0.0, TotalLoss=0.001
Train epoch 46: MCLoss=0.0, EILoss=0.0, TotalLoss=0.001
Train epoch 47: MCLoss=0.0, EILoss=0.0, TotalLoss=0.001
Train epoch 48: MCLoss=0.0, EILoss=0.0, TotalLoss=0.001
Train epoch 49: MCLoss=0.0, EILoss=0.0, TotalLoss=0.001
Train epoch 50: MCLoss=0.0, EILoss=0.0, TotalLoss=0.001
Train epoch 51: MCLoss=0.0, EILoss=0.0, TotalLoss=0.001
Train epoch 52: MCLoss=0.0, EILoss=0.0, TotalLoss=0.001
Train epoch 53: MCLoss=0.0, EILoss=0.0, TotalLoss=0.001
Train epoch 54: MCLoss=0.0, EILoss=0.0, TotalLoss=0.001
Train epoch 55: MCLoss=0.0, EILoss=0.0, TotalLoss=0.001
Train epoch 56: MCLoss=0.0, EILoss=0.0, TotalLoss=0.001
Train epoch 57: MCLoss=0.0, EILoss=0.0, TotalLoss=0.001
Train epoch 58: MCLoss=0.0, EILoss=0.0, TotalLoss=0.001
Train epoch 59: MCLoss=0.0, EILoss=0.0, TotalLoss=0.001
Train epoch 60: MCLoss=0.0, EILoss=0.0, TotalLoss=0.001
Train epoch 61: MCLoss=0.0, EILoss=0.0, TotalLoss=0.001
Train epoch 62: MCLoss=0.0, EILoss=0.0, TotalLoss=0.0
Train epoch 63: MCLoss=0.0, EILoss=0.0, TotalLoss=0.001
Train epoch 64: MCLoss=0.0, EILoss=0.0, TotalLoss=0.001
Train epoch 65: MCLoss=0.0, EILoss=0.0, TotalLoss=0.001
Train epoch 66: MCLoss=0.0, EILoss=0.0, TotalLoss=0.0
Train epoch 67: MCLoss=0.0, EILoss=0.0, TotalLoss=0.0
Train epoch 68: MCLoss=0.0, EILoss=0.0, TotalLoss=0.0
Train epoch 69: MCLoss=0.0, EILoss=0.0, TotalLoss=0.0
Train epoch 70: MCLoss=0.0, EILoss=0.0, TotalLoss=0.0
Train epoch 71: MCLoss=0.0, EILoss=0.0, TotalLoss=0.0
Train epoch 72: MCLoss=0.0, EILoss=0.0, TotalLoss=0.001
Train epoch 73: MCLoss=0.0, EILoss=0.0, TotalLoss=0.0
Train epoch 74: MCLoss=0.0, EILoss=0.0, TotalLoss=0.0
Train epoch 75: MCLoss=0.0, EILoss=0.0, TotalLoss=0.0
Train epoch 76: MCLoss=0.0, EILoss=0.0, TotalLoss=0.001
Train epoch 77: MCLoss=0.0, EILoss=0.0, TotalLoss=0.0
Train epoch 78: MCLoss=0.0, EILoss=0.0, TotalLoss=0.0
Train epoch 79: MCLoss=0.0, EILoss=0.0, TotalLoss=0.001
pre_T2_replay BufferReplayLoss=2.12453393e-04 physics=deepinv.physics.MRI y_b_shape=[1, 2, 128, 128] mask_shape=[1, 2, 128, 128] via make_mri_physics
The model has 2070082 trainable parameters
Train epoch 0: MCLoss=0.002, EILoss=0.003, BufferReplayLoss=0.003, TotalLoss=0.009
Train epoch 1: MCLoss=0.001, EILoss=0.001, BufferReplayLoss=0.001, TotalLoss=0.003
Train epoch 2: MCLoss=0.002, EILoss=0.001, BufferReplayLoss=0.0, TotalLoss=0.003
Train epoch 3: MCLoss=0.001, EILoss=0.001, BufferReplayLoss=0.001, TotalLoss=0.003
Train epoch 4: MCLoss=0.001, EILoss=0.001, BufferReplayLoss=0.0, TotalLoss=0.003
Train epoch 5: MCLoss=0.001, EILoss=0.001, BufferReplayLoss=0.0, TotalLoss=0.003
Train epoch 6: MCLoss=0.001, EILoss=0.001, BufferReplayLoss=0.0, TotalLoss=0.003
Train epoch 7: MCLoss=0.001, EILoss=0.001, BufferReplayLoss=0.0, TotalLoss=0.003
Train epoch 8: MCLoss=0.001, EILoss=0.001, BufferReplayLoss=0.0, TotalLoss=0.003
Train epoch 9: MCLoss=0.001, EILoss=0.001, BufferReplayLoss=0.0, TotalLoss=0.003
Train epoch 10: MCLoss=0.001, EILoss=0.001, BufferReplayLoss=0.0, TotalLoss=0.003
Train epoch 11: MCLoss=0.001, EILoss=0.001, BufferReplayLoss=0.0, TotalLoss=0.002
Train epoch 12: MCLoss=0.001, EILoss=0.001, BufferReplayLoss=0.0, TotalLoss=0.002
Train epoch 13: MCLoss=0.001, EILoss=0.001, BufferReplayLoss=0.0, TotalLoss=0.002
Train epoch 14: MCLoss=0.001, EILoss=0.001, BufferReplayLoss=0.0, TotalLoss=0.002
Train epoch 15: MCLoss=0.001, EILoss=0.001, BufferReplayLoss=0.0, TotalLoss=0.002
Train epoch 16: MCLoss=0.001, EILoss=0.001, BufferReplayLoss=0.0, TotalLoss=0.002
Train epoch 17: MCLoss=0.001, EILoss=0.001, BufferReplayLoss=0.0, TotalLoss=0.002
Train epoch 18: MCLoss=0.001, EILoss=0.001, BufferReplayLoss=0.0, TotalLoss=0.002
Train epoch 19: MCLoss=0.001, EILoss=0.001, BufferReplayLoss=0.0, TotalLoss=0.002
Train epoch 20: MCLoss=0.001, EILoss=0.001, BufferReplayLoss=0.0, TotalLoss=0.002
Train epoch 21: MCLoss=0.001, EILoss=0.001, BufferReplayLoss=0.0, TotalLoss=0.002
Train epoch 22: MCLoss=0.001, EILoss=0.001, BufferReplayLoss=0.0, TotalLoss=0.002
Train epoch 23: MCLoss=0.001, EILoss=0.001, BufferReplayLoss=0.0, TotalLoss=0.002
Train epoch 24: MCLoss=0.001, EILoss=0.001, BufferReplayLoss=0.0, TotalLoss=0.002
Train epoch 25: MCLoss=0.001, EILoss=0.001, BufferReplayLoss=0.0, TotalLoss=0.002
Train epoch 26: MCLoss=0.001, EILoss=0.001, BufferReplayLoss=0.001, TotalLoss=0.003
Train epoch 27: MCLoss=0.001, EILoss=0.001, BufferReplayLoss=0.001, TotalLoss=0.003
Train epoch 28: MCLoss=0.001, EILoss=0.001, BufferReplayLoss=0.0, TotalLoss=0.002
Train epoch 29: MCLoss=0.001, EILoss=0.001, BufferReplayLoss=0.0, TotalLoss=0.002
Train epoch 30: MCLoss=0.001, EILoss=0.001, BufferReplayLoss=0.0, TotalLoss=0.002
Train epoch 31: MCLoss=0.001, EILoss=0.001, BufferReplayLoss=0.0, TotalLoss=0.002
Train epoch 32: MCLoss=0.001, EILoss=0.001, BufferReplayLoss=0.0, TotalLoss=0.002
Train epoch 33: MCLoss=0.001, EILoss=0.001, BufferReplayLoss=0.0, TotalLoss=0.002
Train epoch 34: MCLoss=0.0, EILoss=0.001, BufferReplayLoss=0.0, TotalLoss=0.001
Train epoch 35: MCLoss=0.001, EILoss=0.001, BufferReplayLoss=0.0, TotalLoss=0.002
Train epoch 36: MCLoss=0.001, EILoss=0.001, BufferReplayLoss=0.0, TotalLoss=0.002
Train epoch 37: MCLoss=0.001, EILoss=0.001, BufferReplayLoss=0.0, TotalLoss=0.002
Train epoch 38: MCLoss=0.001, EILoss=0.001, BufferReplayLoss=0.0, TotalLoss=0.002
Train epoch 39: MCLoss=0.001, EILoss=0.001, BufferReplayLoss=0.0, TotalLoss=0.002
Train epoch 40: MCLoss=0.001, EILoss=0.001, BufferReplayLoss=0.001, TotalLoss=0.002
Train epoch 41: MCLoss=0.001, EILoss=0.001, BufferReplayLoss=0.0, TotalLoss=0.002
Train epoch 42: MCLoss=0.001, EILoss=0.001, BufferReplayLoss=0.0, TotalLoss=0.001
Train epoch 43: MCLoss=0.001, EILoss=0.001, BufferReplayLoss=0.0, TotalLoss=0.001
Train epoch 44: MCLoss=0.0, EILoss=0.001, BufferReplayLoss=0.0, TotalLoss=0.001
Train epoch 45: MCLoss=0.0, EILoss=0.001, BufferReplayLoss=0.0, TotalLoss=0.001
Train epoch 46: MCLoss=0.0, EILoss=0.001, BufferReplayLoss=0.0, TotalLoss=0.001
Train epoch 47: MCLoss=0.0, EILoss=0.0, BufferReplayLoss=0.0, TotalLoss=0.001
Train epoch 48: MCLoss=0.0, EILoss=0.0, BufferReplayLoss=0.0, TotalLoss=0.001
Train epoch 49: MCLoss=0.0, EILoss=0.0, BufferReplayLoss=0.0, TotalLoss=0.001
Train epoch 50: MCLoss=0.0, EILoss=0.001, BufferReplayLoss=0.0, TotalLoss=0.001
Train epoch 51: MCLoss=0.0, EILoss=0.001, BufferReplayLoss=0.0, TotalLoss=0.001
Train epoch 52: MCLoss=0.0, EILoss=0.001, BufferReplayLoss=0.0, TotalLoss=0.001
Train epoch 53: MCLoss=0.0, EILoss=0.001, BufferReplayLoss=0.0, TotalLoss=0.001
Train epoch 54: MCLoss=0.0, EILoss=0.001, BufferReplayLoss=0.0, TotalLoss=0.001
Train epoch 55: MCLoss=0.0, EILoss=0.001, BufferReplayLoss=0.0, TotalLoss=0.001
Train epoch 56: MCLoss=0.0, EILoss=0.0, BufferReplayLoss=0.0, TotalLoss=0.001
Train epoch 57: MCLoss=0.0, EILoss=0.001, BufferReplayLoss=0.0, TotalLoss=0.001
Train epoch 58: MCLoss=0.001, EILoss=0.001, BufferReplayLoss=0.0, TotalLoss=0.002
Train epoch 59: MCLoss=0.0, EILoss=0.001, BufferReplayLoss=0.0, TotalLoss=0.001
Train epoch 60: MCLoss=0.0, EILoss=0.001, BufferReplayLoss=0.0, TotalLoss=0.001
Train epoch 61: MCLoss=0.0, EILoss=0.001, BufferReplayLoss=0.0, TotalLoss=0.001
Train epoch 62: MCLoss=0.0, EILoss=0.001, BufferReplayLoss=0.0, TotalLoss=0.001
Train epoch 63: MCLoss=0.0, EILoss=0.001, BufferReplayLoss=0.0, TotalLoss=0.001
Train epoch 64: MCLoss=0.0, EILoss=0.0, BufferReplayLoss=0.0, TotalLoss=0.001
Train epoch 65: MCLoss=0.0, EILoss=0.0, BufferReplayLoss=0.0, TotalLoss=0.001
Train epoch 66: MCLoss=0.0, EILoss=0.0, BufferReplayLoss=0.0, TotalLoss=0.001
Train epoch 67: MCLoss=0.0, EILoss=0.0, BufferReplayLoss=0.0, TotalLoss=0.001
Train epoch 68: MCLoss=0.0, EILoss=0.0, BufferReplayLoss=0.0, TotalLoss=0.001
Train epoch 69: MCLoss=0.0, EILoss=0.0, BufferReplayLoss=0.0, TotalLoss=0.001
Train epoch 70: MCLoss=0.0, EILoss=0.0, BufferReplayLoss=0.0, TotalLoss=0.001
Train epoch 71: MCLoss=0.0, EILoss=0.0, BufferReplayLoss=0.0, TotalLoss=0.001
Train epoch 72: MCLoss=0.0, EILoss=0.0, BufferReplayLoss=0.0, TotalLoss=0.001
Train epoch 73: MCLoss=0.0, EILoss=0.0, BufferReplayLoss=0.0, TotalLoss=0.001
Train epoch 74: MCLoss=0.0, EILoss=0.0, BufferReplayLoss=0.0, TotalLoss=0.001
Train epoch 75: MCLoss=0.0, EILoss=0.0, BufferReplayLoss=0.0, TotalLoss=0.001
Train epoch 76: MCLoss=0.0, EILoss=0.0, BufferReplayLoss=0.0, TotalLoss=0.001
Train epoch 77: MCLoss=0.0, EILoss=0.0, BufferReplayLoss=0.0, TotalLoss=0.001
Train epoch 78: MCLoss=0.0, EILoss=0.0, BufferReplayLoss=0.0, TotalLoss=0.001
Train epoch 79: MCLoss=0.0, EILoss=0.0, BufferReplayLoss=0.0, TotalLoss=0.001
Train epoch 80: MCLoss=0.0, EILoss=0.0, BufferReplayLoss=0.0, TotalLoss=0.001
Train epoch 81: MCLoss=0.0, EILoss=0.0, BufferReplayLoss=0.0, TotalLoss=0.001
Train epoch 82: MCLoss=0.0, EILoss=0.0, BufferReplayLoss=0.0, TotalLoss=0.001
Train epoch 83: MCLoss=0.0, EILoss=0.0, BufferReplayLoss=0.0, TotalLoss=0.001
Train epoch 84: MCLoss=0.0, EILoss=0.0, BufferReplayLoss=0.0, TotalLoss=0.001
Train epoch 85: MCLoss=0.0, EILoss=0.0, BufferReplayLoss=0.0, TotalLoss=0.001
Train epoch 86: MCLoss=0.0, EILoss=0.0, BufferReplayLoss=0.0, TotalLoss=0.001
Train epoch 87: MCLoss=0.0, EILoss=0.0, BufferReplayLoss=0.0, TotalLoss=0.001
Train epoch 88: MCLoss=0.0, EILoss=0.0, BufferReplayLoss=0.0, TotalLoss=0.001
Train epoch 89: MCLoss=0.0, EILoss=0.001, BufferReplayLoss=0.0, TotalLoss=0.001
Train epoch 90: MCLoss=0.0, EILoss=0.0, BufferReplayLoss=0.0, TotalLoss=0.001
Train epoch 91: MCLoss=0.0, EILoss=0.0, BufferReplayLoss=0.0, TotalLoss=0.001
Train epoch 92: MCLoss=0.0, EILoss=0.0, BufferReplayLoss=0.0, TotalLoss=0.001
Train epoch 93: MCLoss=0.0, EILoss=0.0, BufferReplayLoss=0.0, TotalLoss=0.001
Train epoch 94: MCLoss=0.0, EILoss=0.0, BufferReplayLoss=0.0, TotalLoss=0.001
Train epoch 95: MCLoss=0.0, EILoss=0.0, BufferReplayLoss=0.0, TotalLoss=0.001
Train epoch 96: MCLoss=0.0, EILoss=0.0, BufferReplayLoss=0.0, TotalLoss=0.001
Train epoch 97: MCLoss=0.0, EILoss=0.0, BufferReplayLoss=0.0, TotalLoss=0.001
Train epoch 98: MCLoss=0.0, EILoss=0.0, BufferReplayLoss=0.0, TotalLoss=0.001
Train epoch 99: MCLoss=0.0, EILoss=0.0, BufferReplayLoss=0.0, TotalLoss=0.001
Train epoch 100: MCLoss=0.0, EILoss=0.0, BufferReplayLoss=0.0, TotalLoss=0.001
Train epoch 101: MCLoss=0.0, EILoss=0.0, BufferReplayLoss=0.0, TotalLoss=0.001
Train epoch 102: MCLoss=0.0, EILoss=0.0, BufferReplayLoss=0.0, TotalLoss=0.001
Train epoch 103: MCLoss=0.0, EILoss=0.0, BufferReplayLoss=0.0, TotalLoss=0.001
Train epoch 104: MCLoss=0.0, EILoss=0.0, BufferReplayLoss=0.0, TotalLoss=0.001
Train epoch 105: MCLoss=0.0, EILoss=0.0, BufferReplayLoss=0.0, TotalLoss=0.001
Train epoch 106: MCLoss=0.0, EILoss=0.0, BufferReplayLoss=0.0, TotalLoss=0.001
Train epoch 107: MCLoss=0.0, EILoss=0.0, BufferReplayLoss=0.0, TotalLoss=0.001
Train epoch 108: MCLoss=0.0, EILoss=0.0, BufferReplayLoss=0.0, TotalLoss=0.001
Train epoch 109: MCLoss=0.0, EILoss=0.0, BufferReplayLoss=0.0, TotalLoss=0.0
Train epoch 110: MCLoss=0.0, EILoss=0.0, BufferReplayLoss=0.0, TotalLoss=0.0
Train epoch 111: MCLoss=0.0, EILoss=0.0, BufferReplayLoss=0.0, TotalLoss=0.001
Train epoch 112: MCLoss=0.0, EILoss=0.0, BufferReplayLoss=0.0, TotalLoss=0.001
Train epoch 113: MCLoss=0.0, EILoss=0.0, BufferReplayLoss=0.0, TotalLoss=0.001
Train epoch 114: MCLoss=0.0, EILoss=0.0, BufferReplayLoss=0.0, TotalLoss=0.001
Train epoch 115: MCLoss=0.0, EILoss=0.0, BufferReplayLoss=0.0, TotalLoss=0.001
Train epoch 116: MCLoss=0.0, EILoss=0.0, BufferReplayLoss=0.0, TotalLoss=0.001
Train epoch 117: MCLoss=0.0, EILoss=0.0, BufferReplayLoss=0.0, TotalLoss=0.001
Train epoch 118: MCLoss=0.0, EILoss=0.0, BufferReplayLoss=0.0, TotalLoss=0.001
Train epoch 119: MCLoss=0.0, EILoss=0.0, BufferReplayLoss=0.0, TotalLoss=0.001
Train epoch 120: MCLoss=0.0, EILoss=0.0, BufferReplayLoss=0.0, TotalLoss=0.001
Train epoch 121: MCLoss=0.0, EILoss=0.0, BufferReplayLoss=0.0, TotalLoss=0.001
Train epoch 122: MCLoss=0.0, EILoss=0.0, BufferReplayLoss=0.0, TotalLoss=0.001
Train epoch 123: MCLoss=0.0, EILoss=0.0, BufferReplayLoss=0.0, TotalLoss=0.001
Train epoch 124: MCLoss=0.0, EILoss=0.0, BufferReplayLoss=0.0, TotalLoss=0.0
Train epoch 125: MCLoss=0.0, EILoss=0.0, BufferReplayLoss=0.0, TotalLoss=0.0
Train epoch 126: MCLoss=0.0, EILoss=0.0, BufferReplayLoss=0.0, TotalLoss=0.001
Train epoch 127: MCLoss=0.0, EILoss=0.0, BufferReplayLoss=0.0, TotalLoss=0.001
Train epoch 128: MCLoss=0.0, EILoss=0.0, BufferReplayLoss=0.0, TotalLoss=0.001
Train epoch 129: MCLoss=0.0, EILoss=0.0, BufferReplayLoss=0.0, TotalLoss=0.001
Train epoch 130: MCLoss=0.0, EILoss=0.0, BufferReplayLoss=0.0, TotalLoss=0.001
Train epoch 131: MCLoss=0.0, EILoss=0.0, BufferReplayLoss=0.0, TotalLoss=0.001
Train epoch 132: MCLoss=0.0, EILoss=0.0, BufferReplayLoss=0.0, TotalLoss=0.0
Train epoch 133: MCLoss=0.0, EILoss=0.0, BufferReplayLoss=0.0, TotalLoss=0.0
Train epoch 134: MCLoss=0.0, EILoss=0.0, BufferReplayLoss=0.0, TotalLoss=0.0
Train epoch 135: MCLoss=0.0, EILoss=0.0, BufferReplayLoss=0.0, TotalLoss=0.0
Train epoch 136: MCLoss=0.0, EILoss=0.0, BufferReplayLoss=0.0, TotalLoss=0.0
Train epoch 137: MCLoss=0.0, EILoss=0.0, BufferReplayLoss=0.0, TotalLoss=0.0
Train epoch 138: MCLoss=0.0, EILoss=0.0, BufferReplayLoss=0.0, TotalLoss=0.0
Train epoch 139: MCLoss=0.0, EILoss=0.0, BufferReplayLoss=0.0, TotalLoss=0.001
Train epoch 140: MCLoss=0.0, EILoss=0.0, BufferReplayLoss=0.0, TotalLoss=0.001
Train epoch 141: MCLoss=0.0, EILoss=0.0, BufferReplayLoss=0.0, TotalLoss=0.001
Train epoch 142: MCLoss=0.0, EILoss=0.0, BufferReplayLoss=0.0, TotalLoss=0.001
Train epoch 143: MCLoss=0.0, EILoss=0.0, BufferReplayLoss=0.0, TotalLoss=0.0
Train epoch 144: MCLoss=0.0, EILoss=0.0, BufferReplayLoss=0.0, TotalLoss=0.0
Train epoch 145: MCLoss=0.0, EILoss=0.0, BufferReplayLoss=0.0, TotalLoss=0.0
Train epoch 146: MCLoss=0.0, EILoss=0.0, BufferReplayLoss=0.0, TotalLoss=0.0
Train epoch 147: MCLoss=0.0, EILoss=0.0, BufferReplayLoss=0.0, TotalLoss=0.0
Train epoch 148: MCLoss=0.0, EILoss=0.0, BufferReplayLoss=0.0, TotalLoss=0.0
Train epoch 149: MCLoss=0.0, EILoss=0.0, BufferReplayLoss=0.0, TotalLoss=0.0
Train epoch 150: MCLoss=0.0, EILoss=0.0, BufferReplayLoss=0.0, TotalLoss=0.0
Train epoch 151: MCLoss=0.0, EILoss=0.0, BufferReplayLoss=0.0, TotalLoss=0.0
Train epoch 152: MCLoss=0.0, EILoss=0.0, BufferReplayLoss=0.0, TotalLoss=0.0
Train epoch 153: MCLoss=0.0, EILoss=0.0, BufferReplayLoss=0.0, TotalLoss=0.0
Train epoch 154: MCLoss=0.0, EILoss=0.0, BufferReplayLoss=0.0, TotalLoss=0.0
Train epoch 155: MCLoss=0.0, EILoss=0.0, BufferReplayLoss=0.0, TotalLoss=0.001
Train epoch 156: MCLoss=0.0, EILoss=0.0, BufferReplayLoss=0.0, TotalLoss=0.0
Train epoch 157: MCLoss=0.0, EILoss=0.0, BufferReplayLoss=0.0, TotalLoss=0.0
Train epoch 158: MCLoss=0.0, EILoss=0.0, BufferReplayLoss=0.0, TotalLoss=0.001
Train epoch 159: MCLoss=0.0, EILoss=0.0, BufferReplayLoss=0.0, TotalLoss=0.0
{
  "arm": "ER+EI",
  "N_buf": 1,
  "seed": 1,
  "PSNR_T1": 24.19102954864502,
  "PSNR_T2": 14.742060661315918,
  "Avg": 19.46654510498047,
  "Fgt": 0.8472404479980469,
  "arm_loss": "current: MCLoss() + EILoss(Rotate(n_trans=4)); buffer: MCLoss() + EILoss(Rotate(n_trans=4))"
}
replay: {
  "n_forwards": 1281,
  "first_BufferReplayLoss": 0.00021245339303277433,
  "max_abs_BufferReplayLoss": 0.013883896172046661,
  "BufferReplayLoss_nonzero": true,
  "rebuilds_mri_from_stored_mask": true,
  "make_mri_physics": true,
  "replay_physics_class": "deepinv.physics.MRI",
  "y_b_shape": [
    1,
    2,
    128,
    128
  ],
  "mask_shape": [
    1,
    2,
    128,
    128
  ],
  "never_fed_mri_into_tomography": true
}
reviewer_check: {
  "source": "operators/schedule (not stale config.t2_*)",
  "cross_ip": true,
  "unsupervised": true,
  "physics_class_t1": "deepinv.physics.MRI",
  "physics_class_t2": "deepinv.physics.Tomography",
  "ct_n_angles": 40,
  "t2_is_tomography": true,
  "n_angles_40": true,
  "fgt_handcheck_ok": true,
  "replay_rebuilds_mri": true,
  "BufferReplayLoss_logged": {
    "n_forwards": 1281,
    "first_BufferReplayLoss": 0.00021245339303277433,
    "max_abs_BufferReplayLoss": 0.013883896172046661,
    "BufferReplayLoss_nonzero": true,
    "rebuilds_mri_from_stored_mask": true,
    "make_mri_physics": true,
    "replay_physics_class": "deepinv.physics.MRI",
    "y_b_shape": [
      1,
      2,
      128,
      128
    ],
    "mask_shape": [
      1,
      2,
      128,
      128
    ],
    "never_fed_mri_into_tomography": true
  },
  "backbone_class": "deepinv.models.UNet",
  "backbone_ctor_kwargs": {
    "in_channels": 2,
    "out_channels": 2,
    "residual": true,
    "circular_padding": false,
    "cat": true,
    "bias": true,
    "batch_norm": true,
    "scales": 3
  },
  "backbone_wrapper_class": "deepinv.models.ArtifactRemoval",
  "backbone_wrapper_ctor_kwargs": {
    "mode": "adjoint"
  },
  "pass": true
}
buffer: {
  "N_buf": 1,
  "n_distinct_ya": 1,
  "n_distinct_A": 1,
  "holds_t1_A": true,
  "accels": [
    4
  ],
  "slots": [
    {
      "slot": 0,
      "y_id": "66d54aa5b09c",
      "mask_id": "ea2dea864a86"
    }
  ]
}

Wrote recorded_smoke/light_unet_s1_seed1/metrics_nbuf1_seed1.csv
Wrote recorded_smoke/light_unet_s1_seed1/metrics_nbuf1_seed1.json
go/kill: {
  "verdict": "INCONCLUSIVE",
  "reason": "ER+EI lower Fgt than ER+MC at N_buf=1, but the frozen rule needs the {1,4} grid before a go/kill call.",
  "comparisons": [
    {
      "N_buf": 1,
      "Fgt_ER+EI": 0.8472404479980469,
      "Fgt_ER+MC": 7.187996864318848,
      "Fgt_Fine-tune": 25.170785665512085,
      "ER+EI_better_Fgt_than_ER+MC": true,
      "delta_Fgt_MC_minus_EI": 6.340756416320801
    }
  ],
  "n_buf_observed": [
    1
  ],
  "grid_complete": false,
  "tiny": false,
  "note": "Go/kill is defined on Fgt after T2 (lower is better). Tiny stubs must not be labeled GO/KILL."
}
device=cpu elapsed_sec=1911.3
